[validtemplates.github.io/clinicom/index-1.html]
[backblue.gif]
[fade.gif]
[index.html]
[validtemplates.github.io/clinicom/assets/img/favicon.png]
[validtemplates.github.io/clinicom/assets/css/bootstrap.min.css]
[validtemplates.github.io/clinicom/assets/css/font-awesome.min.css]
[validtemplates.github.io/clinicom/assets/css/themify-icons.css]
[validtemplates.github.io/clinicom/assets/css/flaticon-set.css]
[validtemplates.github.io/clinicom/assets/css/magnific-popup.css]
[validtemplates.github.io/clinicom/assets/css/owl.carousel.min.css]
[validtemplates.github.io/clinicom/assets/css/owl.theme.default.min.css]
[validtemplates.github.io/clinicom/assets/css/animate.css]
[validtemplates.github.io/clinicom/assets/css/bootsnav.css]
[validtemplates.github.io/clinicom/style.css]
[validtemplates.github.io/clinicom/assets/css/responsive.css]
[validtemplates.github.io/clinicom/index.html]
[validtemplates.github.io/clinicom/assets/img/logo-light.png]
[validtemplates.github.io/clinicom/assets/img/logo.png]
[validtemplates.github.io/clinicom/index-2.html]
[validtemplates.github.io/clinicom/index-3.html]
[validtemplates.github.io/clinicom/index-4.html]
[validtemplates.github.io/clinicom/index-5.html]
[validtemplates.github.io/clinicom/index-6.html]
[validtemplates.github.io/clinicom/index-7.html]
[validtemplates.github.io/clinicom/index-8.html]
[validtemplates.github.io/clinicom/about-us.html]
[validtemplates.github.io/clinicom/contact.html]
[validtemplates.github.io/clinicom/404.html]
[validtemplates.github.io/clinicom/department.html]
[validtemplates.github.io/clinicom/department-2.html]
[validtemplates.github.io/clinicom/department-single.html]
[validtemplates.github.io/clinicom/doctors.html]
[validtemplates.github.io/clinicom/doctors-carousel.html]
[validtemplates.github.io/clinicom/doctor-single.html]
[validtemplates.github.io/clinicom/blog-standard.html]
[validtemplates.github.io/clinicom/blog-with-sidebar.html]
[validtemplates.github.io/clinicom/blog-2-colum.html]
[validtemplates.github.io/clinicom/blog-3-colum.html]
[validtemplates.github.io/clinicom/blog-single.html]
[validtemplates.github.io/clinicom/blog-single-with-sidebar.html]
[validtemplates.github.io/clinicom/assets/img/banner/1.jpg]
[validtemplates.github.io/clinicom/assets/img/banner/5.jpg]
[validtemplates.github.io/clinicom/assets/img/about/3.jpg]
[validtemplates.github.io/clinicom/assets/img/about/2.jpg]
[validtemplates.github.io/clinicom/assets/img/shape/1.png]
[validtemplates.github.io/clinicom/assets/img/departments/1.jpg]
[validtemplates.github.io/clinicom/assets/img/departments/2.jpg]
[validtemplates.github.io/clinicom/assets/img/departments/3.jpg]
[validtemplates.github.io/clinicom/assets/img/shape/1.svg]
[validtemplates.github.io/clinicom/assets/img/doctors/1.jpg]
[validtemplates.github.io/clinicom/assets/img/doctors/7.jpg]
[validtemplates.github.io/clinicom/assets/img/doctors/2.jpg]
[validtemplates.github.io/clinicom/assets/img/doctors/3.jpg]
[validtemplates.github.io/clinicom/assets/img/doctors/6.jpg]
[validtemplates.github.io/clinicom/assets/img/shape/5.png]
[validtemplates.github.io/clinicom/assets/img/gallery/1.jpg]
[validtemplates.github.io/clinicom/assets/img/gallery/2.jpg]
[validtemplates.github.io/clinicom/assets/img/gallery/4.jpg]
[validtemplates.github.io/clinicom/assets/img/gallery/3.jpg]
[validtemplates.github.io/clinicom/assets/img/blog/1.jpg]
[validtemplates.github.io/clinicom/assets/img/blog/2.jpg]
[validtemplates.github.io/clinicom/assets/img/blog/3.jpg]
[validtemplates.github.io/clinicom/assets/js/jquery-1.12.4.min.js]
[validtemplates.github.io/clinicom/assets/js/popper.min.js]
[validtemplates.github.io/clinicom/assets/js/bootstrap.min.js]
[validtemplates.github.io/clinicom/assets/js/equal-height.min.js]
[validtemplates.github.io/clinicom/assets/js/jquery.appear.js]
[validtemplates.github.io/clinicom/assets/js/jquery.easing.min.js]
[validtemplates.github.io/clinicom/assets/js/jquery.magnific-popup.min.js]
[validtemplates.github.io/clinicom/assets/js/modernizr.custom.13711.js]
[validtemplates.github.io/clinicom/assets/js/owl.carousel.min.js]
[validtemplates.github.io/clinicom/assets/js/wow.min.js]
[validtemplates.github.io/clinicom/assets/js/progress-bar.min.js]
[validtemplates.github.io/clinicom/assets/js/isotope.pkgd.min.js]
[validtemplates.github.io/clinicom/assets/js/imagesloaded.pkgd.min.js]
[validtemplates.github.io/clinicom/assets/js/count-to.js]
[validtemplates.github.io/clinicom/assets/js/YTPlayer.min.js]
[validtemplates.github.io/clinicom/assets/js/circle-progress.js]
[validtemplates.github.io/clinicom/assets/js/jquery.nice-select.min.js]
[validtemplates.github.io/clinicom/assets/js/bootsnav.js]
[validtemplates.github.io/clinicom/assets/js/main.js]
[validtemplates.github.io/clinicom/index-1.html]
[validtemplates.github.io/clinicom/assets/css/bootstrap.min.css]
[validtemplates.github.io/clinicom/assets/fonts/fa-brands-400.eot]
[validtemplates.github.io/clinicom/assets/fonts/fa-brands-400.woff2]
[validtemplates.github.io/clinicom/assets/fonts/fa-brands-400d41d.eot]
[validtemplates.github.io/clinicom/assets/fonts/fa-brands-400.woff]
[validtemplates.github.io/clinicom/assets/fonts/fa-brands-400.ttf]
[validtemplates.github.io/clinicom/assets/fonts/fa-brands-400.svg]
[validtemplates.github.io/clinicom/assets/fonts/fa-regular-400.eot]
[validtemplates.github.io/clinicom/assets/fonts/fa-regular-400d41d.eot]
[validtemplates.github.io/clinicom/assets/fonts/fa-regular-400.woff2]
[validtemplates.github.io/clinicom/assets/fonts/fa-regular-400.woff]
[validtemplates.github.io/clinicom/assets/fonts/fa-regular-400.ttf]
[validtemplates.github.io/clinicom/assets/fonts/fa-regular-400.svg]
[validtemplates.github.io/clinicom/assets/fonts/fa-solid-900.eot]
[validtemplates.github.io/clinicom/assets/fonts/fa-solid-900d41d.eot]
[validtemplates.github.io/clinicom/assets/fonts/fa-solid-900.woff2]
[validtemplates.github.io/clinicom/assets/fonts/fa-solid-900.woff]
[validtemplates.github.io/clinicom/assets/fonts/fa-solid-900.ttf]
[validtemplates.github.io/clinicom/assets/fonts/fa-solid-900.svg]
[validtemplates.github.io/clinicom/assets/css/font-awesome.min.css]
[validtemplates.github.io/clinicom/assets/fonts/themify9f24.eot]
[validtemplates.github.io/clinicom/assets/fonts/themifyd41d.eot]
[validtemplates.github.io/clinicom/assets/fonts/themify9f24.woff]
[validtemplates.github.io/clinicom/assets/fonts/themify9f24.ttf]
[validtemplates.github.io/clinicom/assets/css/themify-icons.css]
[validtemplates.github.io/clinicom/assets/fonts/themify9f24.svg]
[validtemplates.github.io/clinicom/assets/fonts/Flaticon.eot]
[validtemplates.github.io/clinicom/assets/fonts/Flaticond41d.eot]
[validtemplates.github.io/clinicom/assets/fonts/Flaticon.woff]
[validtemplates.github.io/clinicom/assets/fonts/Flaticon.ttf]
[validtemplates.github.io/clinicom/assets/fonts/Flaticon.svg]
[validtemplates.github.io/clinicom/assets/css/Flaticon.svg]
[validtemplates.github.io/clinicom/assets/css/flaticon-set.css]
[validtemplates.github.io/clinicom/assets/css/magnific-popup.css]
[validtemplates.github.io/clinicom/assets/css/owl.video.play.png]
[validtemplates.github.io/clinicom/assets/css/owl.carousel.min.css]
[validtemplates.github.io/clinicom/assets/css/owl.theme.default.min.css]
[validtemplates.github.io/clinicom/assets/css/animate.css]
[validtemplates.github.io/clinicom/assets/css/bootsnav.css]
[validtemplates.github.io/clinicom/assets/img/shape/7.png]
[validtemplates.github.io/clinicom/assets/img/medi-icon.png]
[validtemplates.github.io/clinicom/assets/img/footer-bg.png]
[validtemplates.github.io/clinicom/assets/img/preloader.gif]
[validtemplates.github.io/clinicom/style.css]
[validtemplates.github.io/clinicom/assets/css/responsive.css]
[validtemplates.github.io/clinicom/assets/img/logo-big.png]
[validtemplates.github.io/clinicom/assets/img/demo/index.jpg]
[validtemplates.github.io/clinicom/assets/img/demo/index-2.jpg]
[validtemplates.github.io/clinicom/assets/img/demo/index-3.jpg]
[validtemplates.github.io/clinicom/assets/img/demo/index-4.jpg]
[validtemplates.github.io/clinicom/assets/img/demo/index-5.jpg]
[validtemplates.github.io/clinicom/assets/img/demo/index-6.jpg]
[validtemplates.github.io/clinicom/assets/img/demo/index-7.jpg]
[validtemplates.github.io/clinicom/assets/img/demo/index-8.jpg]
[validtemplates.github.io/clinicom/assets/js/typed.js]
[validtemplates.github.io/clinicom/index.html]
[validtemplates.github.io/clinicom/assets/img/banner/6.jpg]
[validtemplates.github.io/clinicom/assets/img/banner/2.jpg]
[validtemplates.github.io/clinicom/assets/img/shape/3.svg]
[validtemplates.github.io/clinicom/assets/img/features/3.jpg]
[validtemplates.github.io/clinicom/assets/img/features/4.jpg]
[validtemplates.github.io/clinicom/assets/img/banner/7.jpg]
[validtemplates.github.io/clinicom/assets/img/doctors/5.jpg]
[validtemplates.github.io/clinicom/index-2.html]
[validtemplates.github.io/clinicom/assets/img/banner/10.jpg]
[validtemplates.github.io/clinicom/assets/img/services/1.jpg]
[validtemplates.github.io/clinicom/assets/img/services/2.jpg]
[validtemplates.github.io/clinicom/assets/img/services/3.jpg]
[validtemplates.github.io/clinicom/assets/img/services/4.jpg]
[validtemplates.github.io/clinicom/assets/img/services/5.jpg]
[validtemplates.github.io/clinicom/assets/img/services/6.jpg]
[validtemplates.github.io/clinicom/index-3.html]
[validtemplates.github.io/clinicom/assets/img/banner/11.jpg]
[validtemplates.github.io/clinicom/assets/img/bg-3.png]
[validtemplates.github.io/clinicom/assets/img/services/8.jpg]
[validtemplates.github.io/clinicom/assets/img/services/9.jpg]
[validtemplates.github.io/clinicom/assets/img/services/10.jpg]
[validtemplates.github.io/clinicom/index-4.html]
[validtemplates.github.io/clinicom/assets/img/shape/9.png]
[validtemplates.github.io/clinicom/assets/img/bg-4.png]
[validtemplates.github.io/clinicom/assets/img/800x700.png]
[validtemplates.github.io/clinicom/assets/img/100x100.png]
[validtemplates.github.io/clinicom/assets/img/800x600.png]
[validtemplates.github.io/clinicom/index-5.html]
[validtemplates.github.io/clinicom/assets/img/doctor.png]
[validtemplates.github.io/clinicom/assets/img/signature.png]
[validtemplates.github.io/clinicom/index-6.html]
[validtemplates.github.io/clinicom/assets/img/banner/12.jpg]
[validtemplates.github.io/clinicom/index-7.html]
[validtemplates.github.io/clinicom/assets/img/doctor-2.png]
[validtemplates.github.io/clinicom/index-8.html]
[validtemplates.github.io/clinicom/about-us.html]
[validtemplates.github.io/clinicom/assets/img/banner/8.jpg]
[validtemplates.github.io/clinicom/contact.html]
[validtemplates.github.io/clinicom/assets/img/illustration/3.svg]
[validtemplates.github.io/clinicom/404.html]
[validtemplates.github.io/clinicom/department.html]
[validtemplates.github.io/clinicom/department-2.html]
[validtemplates.github.io/clinicom/assets/img/services/7.jpg]
[validtemplates.github.io/clinicom/department-single.html]
[validtemplates.github.io/clinicom/assets/img/banner/4.jpg]
[validtemplates.github.io/clinicom/assets/img/doctors/4.jpg]
[validtemplates.github.io/clinicom/doctors.html]
[validtemplates.github.io/clinicom/doctors-carousel.html]
[validtemplates.github.io/clinicom/assets/img/banner/9.jpg]
[validtemplates.github.io/clinicom/assets/img/certificates/1.jpg]
[validtemplates.github.io/clinicom/assets/img/certificates/2.jpg]
[validtemplates.github.io/clinicom/assets/img/certificates/3.jpg]
[validtemplates.github.io/clinicom/assets/img/certificates/4.jpg]
[validtemplates.github.io/clinicom/doctor-single.html]
[validtemplates.github.io/clinicom/assets/img/blog/11.jpg]
[validtemplates.github.io/clinicom/assets/img/blog/22.jpg]
[validtemplates.github.io/clinicom/assets/img/blog/33.jpg]
[validtemplates.github.io/clinicom/blog-standard.html]
[validtemplates.github.io/clinicom/assets/img/thumb/1.jpg]
[validtemplates.github.io/clinicom/assets/img/thumb/2.jpg]
[validtemplates.github.io/clinicom/assets/img/thumb/6.jpg]
[validtemplates.github.io/clinicom/assets/img/thumb/4.jpg]
[validtemplates.github.io/clinicom/assets/img/thumb/5.jpg]
[validtemplates.github.io/clinicom/assets/img/thumb/3.jpg]
[validtemplates.github.io/clinicom/blog-with-sidebar.html]
[validtemplates.github.io/clinicom/assets/img/blog/4.jpg]
[validtemplates.github.io/clinicom/blog-2-colum.html]
[validtemplates.github.io/clinicom/assets/img/blog/5.jpg]
[validtemplates.github.io/clinicom/assets/img/blog/6.jpg]
[validtemplates.github.io/clinicom/blog-3-colum.html]
[validtemplates.github.io/clinicom/blog-single.html]
[validtemplates.github.io/clinicom/blog-single-with-sidebar.html]
[validtemplates.github.io/clinicom/assets/img/shape/1.svg]
[validtemplates.github.io/clinicom/assets/fonts/fa-brands-400.html]
[validtemplates.github.io/clinicom/assets/fonts/fa-regular-400.html]
[validtemplates.github.io/clinicom/assets/fonts/fa-solid-900.html]
[validtemplates.github.io/clinicom/assets/fonts/themify9f24.svg]
[validtemplates.github.io/clinicom/assets/fonts/Flaticon.svg]
[validtemplates.github.io/clinicom/assets/css/Flaticon.html]
[validtemplates.github.io/clinicom/assets/css/owl.video.play.html]
[validtemplates.github.io/clinicom/assets/js/typed.html]
[validtemplates.github.io/clinicom/assets/img/shape/3.svg]
[validtemplates.github.io/clinicom/assets/img/illustration/3.svg]
